main.c:200:6:TSL2591_Init	32	static
main.c:244:7:TSL2591_ReadLux	64	static
main.c:356:7:GPS_ConverterCoordenada	32	static
main.c:401:6:GPS_ProcessarLinha	328	static
main.c:891:6:GPS_Processar	56	static
main.c:991:9:Bluetooth_EstaConectado	8	static
main.c:1014:6:Bluetooth_ResetarProtocolo	8	static
main.c:1036:6:Bluetooth_EnviarFimDados	32	static
main.c:1055:6:Bluetooth_ProcessarByte	24	static
main.c:1422:6:Bluetooth_Process	16	static
main.c:1565:6:SD_Iniciar	16	static
main.c:1634:9:SD_TentarMontarNovamente	16	static
main.c:1691:6:SD_GravarLinha	32	static
main.c:1780:6:SD_FecharArquivo	8	static
main.c:1814:6:SD_ReabrirArquivoParaGravar	16	static
main.c:1895:9:SD_EnviarArquivoBluetooth	704	static
main.c:2025:9:SD_LimparArquivo	568	static
main.c:2105:5:main	24	static
main.c:2283:6:SystemClock_Config	72	static
main.c:2374:6:Error_Handler	4	static,ignoring_inline_asm
